; ModuleID = 'test'
source_filename = "test"

declare dso_local i32 @__gxx_personality_v0(...)

define i32 @TronFn() personality i32 (...)* @__gxx_personality_v0 {
entry:
  %myVarName_0 = alloca i32
  br label %body

body:                                             ; preds = %entry
  %0 = load i32, i32* %myVarName_0
  %1 = add i32 %0, 1
  store i32 %1, i32* %myVarName_0
  %2 = load i32, i32* %myVarName_0
  ret i32 %2
}
