; ModuleID = 'test'
source_filename = "test"
target datalayout = "e-m:e-p270:32:32-p271:32:32-p272:64:64-i64:64-f80:128-n8:16:32:64-S128"
target triple = "x86_64-unknown-linux-gnu"

%class.TestDestructor1 = type { i32, i32* }

; Function Attrs: noinline nounwind optnone uwtable
define available_externally dso_local void @_ZN7PochiVM16ReflectionHelper25destructor_wrapper_helperI15TestDestructor1E9wrapperFnEPS2_(%class.TestDestructor1* %0) #0 align 2 {
  %2 = alloca %class.TestDestructor1*, align 8
  store %class.TestDestructor1* %0, %class.TestDestructor1** %2, align 8
  %3 = load %class.TestDestructor1*, %class.TestDestructor1** %2, align 8
  call void @_ZN15TestDestructor1D2Ev(%class.TestDestructor1* %3) #1
  ret void
}

; Function Attrs: noinline nounwind optnone uwtable
declare dso_local void @_ZN15TestDestructor1D2Ev(%class.TestDestructor1*) unnamed_addr #0 align 2

define void @testfn(%class.TestDestructor1* %_param_0) {
entry:
  %param_0 = alloca %class.TestDestructor1*
  br label %body

body:                                             ; preds = %entry
  store %class.TestDestructor1* %_param_0, %class.TestDestructor1** %param_0
  %0 = load %class.TestDestructor1*, %class.TestDestructor1** %param_0
  call void @_ZN7PochiVM16ReflectionHelper25destructor_wrapper_helperI15TestDestructor1E9wrapperFnEPS2_(%class.TestDestructor1* %0)
  ret void
}

attributes #0 = { noinline nounwind optnone uwtable "correctly-rounded-divide-sqrt-fp-math"="false" "disable-tail-calls"="false" "frame-pointer"="all" "less-precise-fpmad"="false" "min-legal-vector-width"="0" "no-infs-fp-math"="false" "no-jump-tables"="false" "no-nans-fp-math"="false" "no-signed-zeros-fp-math"="false" "no-trapping-math"="false" "stack-protector-buffer-size"="8" "unsafe-fp-math"="false" "use-soft-float"="false" }
attributes #1 = { nounwind }

!llvm.ident = !{!0}
!llvm.module.flags = !{!1, !2, !3}

!0 = !{!"clang version 10.0.0 "}
!1 = !{i32 7, !"Dwarf Version", i32 4}
!2 = !{i32 2, !"Debug Info Version", i32 3}
!3 = !{i32 1, !"wchar_size", i32 4}
