; ModuleID = 'test'
source_filename = "test"

define i32 @GoodFn(i32 %_param_0) {
entry:
  %param_0 = alloca i32
  br label %body

body:                                             ; preds = %entry
  store i32 %_param_0, i32* %param_0
  br label %whileloop_head0

whileloop_head0:                                  ; preds = %then0, %body
  %0 = load i32, i32* %param_0
  %1 = icmp sgt i32 %0, 0
  br i1 %1, label %whileloop_body0, label %after_whileloop0

whileloop_body0:                                  ; preds = %whileloop_head0
  %2 = load i32, i32* %param_0
  %3 = add i32 %2, 1
  store i32 %3, i32* %param_0
  %4 = load i32, i32* %param_0
  %5 = srem i32 %4, 2
  %if0 = icmp eq i32 %5, 0
  br i1 %if0, label %then0, label %else0

then0:                                            ; preds = %whileloop_body0
  br label %whileloop_head0

else0:                                            ; preds = %whileloop_body0
  %6 = load i32, i32* %param_0
  ret i32 %6

after_whileloop0:                                 ; preds = %whileloop_head0
  %7 = load i32, i32* %param_0
  ret i32 %7
}
