; ModuleID = 'test'
source_filename = "test"
target datalayout = "e-m:e-p270:32:32-p271:32:32-p272:64:64-i64:64-f80:128-n8:16:32:64-S128"
target triple = "x86_64-unknown-linux-gnu"

%class.CtorDtorOrderRecorder = type { i32, %"class.std::vector" }
%"class.std::vector" = type { %"struct.std::_Vector_base" }
%"struct.std::_Vector_base" = type { %"struct.std::_Vector_base<int, std::allocator<int> >::_Vector_impl" }
%"struct.std::_Vector_base<int, std::allocator<int> >::_Vector_impl" = type { i32*, i32*, i32* }
%class.TestDestructor2 = type <{ %class.CtorDtorOrderRecorder*, i32, [4 x i8] }>

@_ZTIi = external dso_local constant i8*

declare dso_local i32 @__gxx_personality_v0(...)

; Function Attrs: uwtable
define available_externally dso_local void @_ZN21CtorDtorOrderRecorder14PushMaybeThrowEi(%class.CtorDtorOrderRecorder* %0, i32 %1) #0 align 2 {
  %3 = alloca i32, align 4
  store i32 %1, i32* %3, align 4, !tbaa !4
  %4 = getelementptr inbounds %class.CtorDtorOrderRecorder, %class.CtorDtorOrderRecorder* %0, i64 0, i32 1
  call void @_ZNSt6vectorIiSaIiEE9push_backERKi(%"class.std::vector"* nonnull %4, i32* nonnull dereferenceable(4) %3)
  %5 = load i32, i32* %3, align 4, !tbaa !4
  %6 = getelementptr inbounds %class.CtorDtorOrderRecorder, %class.CtorDtorOrderRecorder* %0, i64 0, i32 0
  %7 = load i32, i32* %6, align 8, !tbaa !8
  %8 = icmp eq i32 %5, %7
  br i1 %8, label %9, label %13

9:                                                ; preds = %2
  %10 = call i8* @__cxa_allocate_exception(i64 4) #6
  %11 = bitcast i8* %10 to i32*
  %12 = load i32, i32* %3, align 4, !tbaa !4
  store i32 %12, i32* %11, align 16, !tbaa !4
  call void @__cxa_throw(i8* %10, i8* bitcast (i8** @_ZTIi to i8*), i8* null) #7
  unreachable

13:                                               ; preds = %2
  ret void
}

; Function Attrs: uwtable
declare dso_local void @_ZNSt6vectorIiSaIiEE9push_backERKi(%"class.std::vector"*, i32* dereferenceable(4)) local_unnamed_addr #0 align 2

declare dso_local i8* @__cxa_allocate_exception(i64) local_unnamed_addr

declare dso_local void @__cxa_throw(i8*, i8*, i8*) local_unnamed_addr

; Function Attrs: nounwind uwtable
define available_externally dso_local void @_ZN7PochiVM16ReflectionHelper25destructor_wrapper_helperI15TestDestructor2E9wrapperFnEPS2_(%class.TestDestructor2* %0) #1 align 2 personality i32 (...)* @__gxx_personality_v0 {
  %2 = getelementptr inbounds %class.TestDestructor2, %class.TestDestructor2* %0, i64 0, i32 0
  %3 = load %class.CtorDtorOrderRecorder*, %class.CtorDtorOrderRecorder** %2, align 8, !tbaa !11
  %4 = getelementptr inbounds %class.TestDestructor2, %class.TestDestructor2* %0, i64 0, i32 1
  %5 = load i32, i32* %4, align 8, !tbaa !14
  %6 = sub nsw i32 0, %5
  %7 = getelementptr inbounds %class.CtorDtorOrderRecorder, %class.CtorDtorOrderRecorder* %3, i64 0, i32 1
  %8 = getelementptr inbounds %class.CtorDtorOrderRecorder, %class.CtorDtorOrderRecorder* %3, i64 0, i32 1, i32 0, i32 0, i32 1
  %9 = load i32*, i32** %8, align 8, !tbaa !15
  %10 = getelementptr inbounds %class.CtorDtorOrderRecorder, %class.CtorDtorOrderRecorder* %3, i64 0, i32 1, i32 0, i32 0, i32 2
  %11 = load i32*, i32** %10, align 8, !tbaa !18
  %12 = icmp eq i32* %9, %11
  %13 = ptrtoint i32* %9 to i64
  br i1 %12, label %16, label %14

14:                                               ; preds = %1
  store i32 %6, i32* %9, align 4, !tbaa !4
  %15 = getelementptr inbounds i32, i32* %9, i64 1
  br label %69

16:                                               ; preds = %1
  %17 = bitcast i32** %8 to i64*
  %18 = bitcast %"class.std::vector"* %7 to i64*
  %19 = load i64, i64* %18, align 8, !tbaa !19
  %20 = sub i64 %13, %19
  %21 = ashr exact i64 %20, 2
  %22 = icmp eq i64 %20, 0
  %23 = select i1 %22, i64 1, i64 %21
  %24 = add nsw i64 %23, %21
  %25 = icmp ult i64 %24, %21
  %26 = icmp ugt i64 %24, 4611686018427387903
  %27 = or i1 %25, %26
  %28 = select i1 %27, i64 4611686018427387903, i64 %24
  %29 = getelementptr %"class.std::vector", %"class.std::vector"* %7, i64 0, i32 0, i32 0, i32 0
  %30 = icmp eq i64 %28, 0
  %31 = inttoptr i64 %19 to i32*
  br i1 %30, label %38, label %32

32:                                               ; preds = %16
  %33 = shl nuw i64 %28, 2
  %34 = invoke i8* @_Znwm(i64 %33)
          to label %35 unwind label %66

35:                                               ; preds = %32
  %36 = bitcast i8* %34 to i32*
  %37 = load i32*, i32** %29, align 8, !tbaa !20
  br label %38

38:                                               ; preds = %35, %16
  %39 = phi i32* [ %37, %35 ], [ %31, %16 ]
  %40 = phi i32* [ %36, %35 ], [ null, %16 ]
  %41 = getelementptr inbounds i32, i32* %40, i64 %21
  store i32 %6, i32* %41, align 4, !tbaa !4
  %42 = ptrtoint i32* %39 to i64
  %43 = sub i64 %13, %42
  %44 = ashr exact i64 %43, 2
  %45 = icmp eq i64 %43, 0
  br i1 %45, label %49, label %46

46:                                               ; preds = %38
  %47 = bitcast i32* %40 to i8*
  %48 = bitcast i32* %39 to i8*
  tail call void @llvm.memmove.p0i8.p0i8.i64(i8* align 4 %47, i8* align 4 %48, i64 %43, i1 false) #6
  br label %49

49:                                               ; preds = %46, %38
  %50 = getelementptr inbounds i32, i32* %40, i64 %44
  %51 = getelementptr inbounds i32, i32* %50, i64 1
  %52 = load i64, i64* %17, align 8, !tbaa !15
  %53 = sub i64 %52, %13
  %54 = ashr exact i64 %53, 2
  %55 = icmp eq i64 %53, 0
  br i1 %55, label %59, label %56

56:                                               ; preds = %49
  %57 = bitcast i32* %51 to i8*
  %58 = bitcast i32* %9 to i8*
  tail call void @llvm.memmove.p0i8.p0i8.i64(i8* nonnull align 4 %57, i8* align 4 %58, i64 %53, i1 false) #6
  br label %59

59:                                               ; preds = %56, %49
  %60 = getelementptr inbounds i32, i32* %51, i64 %54
  %61 = icmp eq i32* %39, null
  br i1 %61, label %64, label %62

62:                                               ; preds = %59
  %63 = bitcast i32* %39 to i8*
  tail call void @_ZdlPv(i8* nonnull %63) #6
  br label %64

64:                                               ; preds = %62, %59
  store i32* %40, i32** %29, align 8, !tbaa !20
  store i32* %60, i32** %8, align 8, !tbaa !15
  %65 = getelementptr inbounds i32, i32* %40, i64 %28
  br label %69

66:                                               ; preds = %32
  %67 = landingpad { i8*, i32 }
          catch i8* null
  %68 = extractvalue { i8*, i32 } %67, 0
  tail call void @__pochivm_clang_call_terminate(i8* %68) #8
  unreachable

69:                                               ; preds = %64, %14
  %70 = phi i32** [ %10, %64 ], [ %8, %14 ]
  %71 = phi i32* [ %65, %64 ], [ %15, %14 ]
  store i32* %71, i32** %70, align 8, !tbaa !19
  ret void
}

; Function Attrs: nobuiltin nofree
declare dso_local noalias nonnull i8* @_Znwm(i64) local_unnamed_addr #2

; Function Attrs: argmemonly nounwind willreturn
declare void @llvm.memmove.p0i8.p0i8.i64(i8* nocapture, i8* nocapture readonly, i64, i1 immarg) #3

; Function Attrs: nobuiltin nounwind
declare dso_local void @_ZdlPv(i8*) local_unnamed_addr #4

; Function Attrs: noinline noreturn nounwind uwtable
declare dso_local void @__pochivm_clang_call_terminate(i8*) #5

; Function Attrs: uwtable
define available_externally dso_local void @_ZN7PochiVM16ReflectionHelper26constructor_wrapper_helperI15TestDestructor2JP21CtorDtorOrderRecorderiEE4callIJS4_iEEEvPS2_DpT_(%class.TestDestructor2* %0, %class.CtorDtorOrderRecorder* %1, i32 %2) #0 align 2 personality i32 (...)* @__gxx_personality_v0 {
  %4 = getelementptr inbounds %class.TestDestructor2, %class.TestDestructor2* %0, i64 0, i32 0
  store %class.CtorDtorOrderRecorder* %1, %class.CtorDtorOrderRecorder** %4, align 8, !tbaa !11
  %5 = getelementptr inbounds %class.TestDestructor2, %class.TestDestructor2* %0, i64 0, i32 1
  store i32 %2, i32* %5, align 8, !tbaa !14
  %6 = getelementptr inbounds %class.CtorDtorOrderRecorder, %class.CtorDtorOrderRecorder* %1, i64 0, i32 1
  %7 = getelementptr inbounds %class.CtorDtorOrderRecorder, %class.CtorDtorOrderRecorder* %1, i64 0, i32 1, i32 0, i32 0, i32 1
  %8 = load i32*, i32** %7, align 8, !tbaa !15
  %9 = getelementptr inbounds %class.CtorDtorOrderRecorder, %class.CtorDtorOrderRecorder* %1, i64 0, i32 1, i32 0, i32 0, i32 2
  %10 = load i32*, i32** %9, align 8, !tbaa !18
  %11 = icmp eq i32* %8, %10
  %12 = ptrtoint i32* %8 to i64
  br i1 %11, label %15, label %13

13:                                               ; preds = %3
  store i32 %2, i32* %8, align 4, !tbaa !4
  %14 = getelementptr inbounds i32, i32* %8, i64 1
  br label %64

15:                                               ; preds = %3
  %16 = bitcast i32** %7 to i64*
  %17 = bitcast %"class.std::vector"* %6 to i64*
  %18 = load i64, i64* %17, align 8, !tbaa !19
  %19 = sub i64 %12, %18
  %20 = ashr exact i64 %19, 2
  %21 = icmp eq i64 %19, 0
  %22 = select i1 %21, i64 1, i64 %20
  %23 = add nsw i64 %22, %20
  %24 = icmp ult i64 %23, %20
  %25 = icmp ugt i64 %23, 4611686018427387903
  %26 = or i1 %24, %25
  %27 = select i1 %26, i64 4611686018427387903, i64 %23
  %28 = getelementptr %"class.std::vector", %"class.std::vector"* %6, i64 0, i32 0, i32 0, i32 0
  %29 = icmp eq i64 %27, 0
  %30 = inttoptr i64 %18 to i32*
  br i1 %29, label %36, label %31

31:                                               ; preds = %15
  %32 = shl nuw i64 %27, 2
  %33 = tail call i8* @_Znwm(i64 %32)
  %34 = bitcast i8* %33 to i32*
  %35 = load i32*, i32** %28, align 8, !tbaa !20
  br label %36

36:                                               ; preds = %31, %15
  %37 = phi i32* [ %35, %31 ], [ %30, %15 ]
  %38 = phi i32* [ %34, %31 ], [ null, %15 ]
  %39 = getelementptr inbounds i32, i32* %38, i64 %20
  store i32 %2, i32* %39, align 4, !tbaa !4
  %40 = ptrtoint i32* %37 to i64
  %41 = sub i64 %12, %40
  %42 = ashr exact i64 %41, 2
  %43 = icmp eq i64 %41, 0
  br i1 %43, label %47, label %44

44:                                               ; preds = %36
  %45 = bitcast i32* %38 to i8*
  %46 = bitcast i32* %37 to i8*
  tail call void @llvm.memmove.p0i8.p0i8.i64(i8* align 4 %45, i8* align 4 %46, i64 %41, i1 false) #6
  br label %47

47:                                               ; preds = %44, %36
  %48 = getelementptr inbounds i32, i32* %38, i64 %42
  %49 = getelementptr inbounds i32, i32* %48, i64 1
  %50 = load i64, i64* %16, align 8, !tbaa !15
  %51 = sub i64 %50, %12
  %52 = ashr exact i64 %51, 2
  %53 = icmp eq i64 %51, 0
  br i1 %53, label %57, label %54

54:                                               ; preds = %47
  %55 = bitcast i32* %49 to i8*
  %56 = bitcast i32* %8 to i8*
  tail call void @llvm.memmove.p0i8.p0i8.i64(i8* nonnull align 4 %55, i8* align 4 %56, i64 %51, i1 false) #6
  br label %57

57:                                               ; preds = %54, %47
  %58 = getelementptr inbounds i32, i32* %49, i64 %52
  %59 = icmp eq i32* %37, null
  br i1 %59, label %62, label %60

60:                                               ; preds = %57
  %61 = bitcast i32* %37 to i8*
  tail call void @_ZdlPv(i8* nonnull %61) #6
  br label %62

62:                                               ; preds = %60, %57
  store i32* %38, i32** %28, align 8, !tbaa !20
  store i32* %58, i32** %7, align 8, !tbaa !15
  %63 = getelementptr inbounds i32, i32* %38, i64 %27
  br label %64

64:                                               ; preds = %62, %13
  %65 = phi i32** [ %7, %13 ], [ %9, %62 ]
  %66 = phi i32* [ %14, %13 ], [ %63, %62 ]
  store i32* %66, i32** %65, align 8, !tbaa !19
  %67 = getelementptr inbounds %class.CtorDtorOrderRecorder, %class.CtorDtorOrderRecorder* %1, i64 0, i32 0
  %68 = load i32, i32* %67, align 8, !tbaa !8
  %69 = icmp eq i32 %68, %2
  br i1 %69, label %70, label %73

70:                                               ; preds = %64
  %71 = tail call i8* @__cxa_allocate_exception(i64 4) #6
  %72 = bitcast i8* %71 to i32*
  store i32 %2, i32* %72, align 16, !tbaa !4
  tail call void @__cxa_throw(i8* %71, i8* bitcast (i8** @_ZTIi to i8*), i8* null) #7
  unreachable

73:                                               ; preds = %64
  ret void
}

define void @testfn(%class.CtorDtorOrderRecorder* %_param_0) personality i32 (...)* @__gxx_personality_v0 {
entry:
  %param_0 = alloca %class.CtorDtorOrderRecorder*
  %var_1 = alloca %class.TestDestructor2
  %var_2 = alloca %class.TestDestructor2
  %_cur_exception_object = alloca i8*
  %_cur_exception_type = alloca i32
  %var_3 = alloca %class.TestDestructor2
  %var_4 = alloca %class.TestDestructor2
  %var_5 = alloca %class.TestDestructor2
  %var_6 = alloca %class.TestDestructor2
  %var_7 = alloca %class.TestDestructor2
  %var_8 = alloca %class.TestDestructor2
  %var_9 = alloca %class.TestDestructor2
  %var_10 = alloca %class.TestDestructor2
  %var_11 = alloca %class.TestDestructor2
  %var_12 = alloca %class.TestDestructor2
  %var_13 = alloca %class.TestDestructor2
  %var_14 = alloca %class.TestDestructor2
  br label %body

body:                                             ; preds = %entry
  store %class.CtorDtorOrderRecorder* %_param_0, %class.CtorDtorOrderRecorder** %param_0
  %0 = load %class.CtorDtorOrderRecorder*, %class.CtorDtorOrderRecorder** %param_0
  call void @_ZN21CtorDtorOrderRecorder14PushMaybeThrowEi(%class.CtorDtorOrderRecorder* %0, i32 1000)
  %1 = load %class.CtorDtorOrderRecorder*, %class.CtorDtorOrderRecorder** %param_0
  call void @_ZN7PochiVM16ReflectionHelper26constructor_wrapper_helperI15TestDestructor2JP21CtorDtorOrderRecorderiEE4callIJS4_iEEEvPS2_DpT_(%class.TestDestructor2* %var_1, %class.CtorDtorOrderRecorder* %1, i32 1)
  %2 = load %class.CtorDtorOrderRecorder*, %class.CtorDtorOrderRecorder** %param_0
  invoke void @_ZN7PochiVM16ReflectionHelper26constructor_wrapper_helperI15TestDestructor2JP21CtorDtorOrderRecorderiEE4callIJS4_iEEEvPS2_DpT_(%class.TestDestructor2* %var_2, %class.CtorDtorOrderRecorder* %2, i32 2)
          to label %10 unwind label %landing_pad_0

resume_exception:                                 ; preds = %dtor_tree_0
  %3 = load i8*, i8** %_cur_exception_object
  %4 = load i32, i32* %_cur_exception_type
  %5 = insertvalue { i8*, i32 } undef, i8* %3, 0
  %6 = insertvalue { i8*, i32 } %5, i32 %4, 1
  resume { i8*, i32 } %6

dtor_tree_0:                                      ; preds = %dtor_tree_1, %landing_pad_0
  call void @_ZN7PochiVM16ReflectionHelper25destructor_wrapper_helperI15TestDestructor2E9wrapperFnEPS2_(%class.TestDestructor2* %var_1)
  br label %resume_exception

landing_pad_0:                                    ; preds = %body
  %7 = landingpad { i8*, i32 }
          cleanup
  %8 = extractvalue { i8*, i32 } %7, 0
  store i8* %8, i8** %_cur_exception_object
  %9 = extractvalue { i8*, i32 } %7, 1
  store i32 %9, i32* %_cur_exception_type
  br label %dtor_tree_0

10:                                               ; preds = %body
  %11 = load %class.CtorDtorOrderRecorder*, %class.CtorDtorOrderRecorder** %param_0
  invoke void @_ZN21CtorDtorOrderRecorder14PushMaybeThrowEi(%class.CtorDtorOrderRecorder* %11, i32 1001)
          to label %15 unwind label %landing_pad_1

dtor_tree_1:                                      ; preds = %dtor_tree_2, %landing_pad_2, %landing_pad_1
  call void @_ZN7PochiVM16ReflectionHelper25destructor_wrapper_helperI15TestDestructor2E9wrapperFnEPS2_(%class.TestDestructor2* %var_2)
  br label %dtor_tree_0

landing_pad_1:                                    ; preds = %10
  %12 = landingpad { i8*, i32 }
          cleanup
  %13 = extractvalue { i8*, i32 } %12, 0
  store i8* %13, i8** %_cur_exception_object
  %14 = extractvalue { i8*, i32 } %12, 1
  store i32 %14, i32* %_cur_exception_type
  br label %dtor_tree_1

15:                                               ; preds = %10
  %16 = load %class.CtorDtorOrderRecorder*, %class.CtorDtorOrderRecorder** %param_0
  invoke void @_ZN7PochiVM16ReflectionHelper26constructor_wrapper_helperI15TestDestructor2JP21CtorDtorOrderRecorderiEE4callIJS4_iEEEvPS2_DpT_(%class.TestDestructor2* %var_3, %class.CtorDtorOrderRecorder* %16, i32 3)
          to label %20 unwind label %landing_pad_2

landing_pad_2:                                    ; preds = %15
  %17 = landingpad { i8*, i32 }
          cleanup
  %18 = extractvalue { i8*, i32 } %17, 0
  store i8* %18, i8** %_cur_exception_object
  %19 = extractvalue { i8*, i32 } %17, 1
  store i32 %19, i32* %_cur_exception_type
  br label %dtor_tree_1

20:                                               ; preds = %15
  %21 = load %class.CtorDtorOrderRecorder*, %class.CtorDtorOrderRecorder** %param_0
  invoke void @_ZN21CtorDtorOrderRecorder14PushMaybeThrowEi(%class.CtorDtorOrderRecorder* %21, i32 1002)
          to label %25 unwind label %landing_pad_3

dtor_tree_2:                                      ; preds = %dtor_tree_7, %landing_pad_10, %landing_pad_9, %dtor_tree_3
  call void @_ZN7PochiVM16ReflectionHelper25destructor_wrapper_helperI15TestDestructor2E9wrapperFnEPS2_(%class.TestDestructor2* %var_3)
  br label %dtor_tree_1

dtor_tree_3:                                      ; preds = %dtor_tree_4, %landing_pad_4, %landing_pad_3
  br label %dtor_tree_2

landing_pad_3:                                    ; preds = %20
  %22 = landingpad { i8*, i32 }
          cleanup
  %23 = extractvalue { i8*, i32 } %22, 0
  store i8* %23, i8** %_cur_exception_object
  %24 = extractvalue { i8*, i32 } %22, 1
  store i32 %24, i32* %_cur_exception_type
  br label %dtor_tree_3

25:                                               ; preds = %20
  %26 = load %class.CtorDtorOrderRecorder*, %class.CtorDtorOrderRecorder** %param_0
  invoke void @_ZN7PochiVM16ReflectionHelper26constructor_wrapper_helperI15TestDestructor2JP21CtorDtorOrderRecorderiEE4callIJS4_iEEEvPS2_DpT_(%class.TestDestructor2* %var_4, %class.CtorDtorOrderRecorder* %26, i32 4)
          to label %30 unwind label %landing_pad_4

landing_pad_4:                                    ; preds = %25
  %27 = landingpad { i8*, i32 }
          cleanup
  %28 = extractvalue { i8*, i32 } %27, 0
  store i8* %28, i8** %_cur_exception_object
  %29 = extractvalue { i8*, i32 } %27, 1
  store i32 %29, i32* %_cur_exception_type
  br label %dtor_tree_3

30:                                               ; preds = %25
  %31 = load %class.CtorDtorOrderRecorder*, %class.CtorDtorOrderRecorder** %param_0
  invoke void @_ZN21CtorDtorOrderRecorder14PushMaybeThrowEi(%class.CtorDtorOrderRecorder* %31, i32 1003)
          to label %35 unwind label %landing_pad_5

dtor_tree_4:                                      ; preds = %dtor_tree_5, %landing_pad_6, %landing_pad_5
  call void @_ZN7PochiVM16ReflectionHelper25destructor_wrapper_helperI15TestDestructor2E9wrapperFnEPS2_(%class.TestDestructor2* %var_4)
  br label %dtor_tree_3

landing_pad_5:                                    ; preds = %30
  %32 = landingpad { i8*, i32 }
          cleanup
  %33 = extractvalue { i8*, i32 } %32, 0
  store i8* %33, i8** %_cur_exception_object
  %34 = extractvalue { i8*, i32 } %32, 1
  store i32 %34, i32* %_cur_exception_type
  br label %dtor_tree_4

35:                                               ; preds = %30
  %36 = load %class.CtorDtorOrderRecorder*, %class.CtorDtorOrderRecorder** %param_0
  invoke void @_ZN7PochiVM16ReflectionHelper26constructor_wrapper_helperI15TestDestructor2JP21CtorDtorOrderRecorderiEE4callIJS4_iEEEvPS2_DpT_(%class.TestDestructor2* %var_5, %class.CtorDtorOrderRecorder* %36, i32 5)
          to label %40 unwind label %landing_pad_6

landing_pad_6:                                    ; preds = %35
  %37 = landingpad { i8*, i32 }
          cleanup
  %38 = extractvalue { i8*, i32 } %37, 0
  store i8* %38, i8** %_cur_exception_object
  %39 = extractvalue { i8*, i32 } %37, 1
  store i32 %39, i32* %_cur_exception_type
  br label %dtor_tree_4

40:                                               ; preds = %35
  %41 = load %class.CtorDtorOrderRecorder*, %class.CtorDtorOrderRecorder** %param_0
  invoke void @_ZN7PochiVM16ReflectionHelper26constructor_wrapper_helperI15TestDestructor2JP21CtorDtorOrderRecorderiEE4callIJS4_iEEEvPS2_DpT_(%class.TestDestructor2* %var_6, %class.CtorDtorOrderRecorder* %41, i32 6)
          to label %45 unwind label %landing_pad_7

dtor_tree_5:                                      ; preds = %dtor_tree_6, %landing_pad_7
  call void @_ZN7PochiVM16ReflectionHelper25destructor_wrapper_helperI15TestDestructor2E9wrapperFnEPS2_(%class.TestDestructor2* %var_5)
  br label %dtor_tree_4

landing_pad_7:                                    ; preds = %40
  %42 = landingpad { i8*, i32 }
          cleanup
  %43 = extractvalue { i8*, i32 } %42, 0
  store i8* %43, i8** %_cur_exception_object
  %44 = extractvalue { i8*, i32 } %42, 1
  store i32 %44, i32* %_cur_exception_type
  br label %dtor_tree_5

45:                                               ; preds = %40
  %46 = load %class.CtorDtorOrderRecorder*, %class.CtorDtorOrderRecorder** %param_0
  invoke void @_ZN21CtorDtorOrderRecorder14PushMaybeThrowEi(%class.CtorDtorOrderRecorder* %46, i32 1004)
          to label %50 unwind label %landing_pad_8

dtor_tree_6:                                      ; preds = %landing_pad_8
  call void @_ZN7PochiVM16ReflectionHelper25destructor_wrapper_helperI15TestDestructor2E9wrapperFnEPS2_(%class.TestDestructor2* %var_6)
  br label %dtor_tree_5

landing_pad_8:                                    ; preds = %45
  %47 = landingpad { i8*, i32 }
          cleanup
  %48 = extractvalue { i8*, i32 } %47, 0
  store i8* %48, i8** %_cur_exception_object
  %49 = extractvalue { i8*, i32 } %47, 1
  store i32 %49, i32* %_cur_exception_type
  br label %dtor_tree_6

50:                                               ; preds = %45
  call void @_ZN7PochiVM16ReflectionHelper25destructor_wrapper_helperI15TestDestructor2E9wrapperFnEPS2_(%class.TestDestructor2* %var_6)
  call void @_ZN7PochiVM16ReflectionHelper25destructor_wrapper_helperI15TestDestructor2E9wrapperFnEPS2_(%class.TestDestructor2* %var_5)
  call void @_ZN7PochiVM16ReflectionHelper25destructor_wrapper_helperI15TestDestructor2E9wrapperFnEPS2_(%class.TestDestructor2* %var_4)
  %51 = load %class.CtorDtorOrderRecorder*, %class.CtorDtorOrderRecorder** %param_0
  invoke void @_ZN21CtorDtorOrderRecorder14PushMaybeThrowEi(%class.CtorDtorOrderRecorder* %51, i32 1005)
          to label %55 unwind label %landing_pad_9

landing_pad_9:                                    ; preds = %50
  %52 = landingpad { i8*, i32 }
          cleanup
  %53 = extractvalue { i8*, i32 } %52, 0
  store i8* %53, i8** %_cur_exception_object
  %54 = extractvalue { i8*, i32 } %52, 1
  store i32 %54, i32* %_cur_exception_type
  br label %dtor_tree_2

55:                                               ; preds = %50
  %56 = load %class.CtorDtorOrderRecorder*, %class.CtorDtorOrderRecorder** %param_0
  invoke void @_ZN7PochiVM16ReflectionHelper26constructor_wrapper_helperI15TestDestructor2JP21CtorDtorOrderRecorderiEE4callIJS4_iEEEvPS2_DpT_(%class.TestDestructor2* %var_7, %class.CtorDtorOrderRecorder* %56, i32 7)
          to label %60 unwind label %landing_pad_10

landing_pad_10:                                   ; preds = %55
  %57 = landingpad { i8*, i32 }
          cleanup
  %58 = extractvalue { i8*, i32 } %57, 0
  store i8* %58, i8** %_cur_exception_object
  %59 = extractvalue { i8*, i32 } %57, 1
  store i32 %59, i32* %_cur_exception_type
  br label %dtor_tree_2

60:                                               ; preds = %55
  %61 = load %class.CtorDtorOrderRecorder*, %class.CtorDtorOrderRecorder** %param_0
  invoke void @_ZN21CtorDtorOrderRecorder14PushMaybeThrowEi(%class.CtorDtorOrderRecorder* %61, i32 1006)
          to label %65 unwind label %landing_pad_11

dtor_tree_7:                                      ; preds = %dtor_tree_17, %landing_pad_26, %landing_pad_25, %dtor_tree_8
  call void @_ZN7PochiVM16ReflectionHelper25destructor_wrapper_helperI15TestDestructor2E9wrapperFnEPS2_(%class.TestDestructor2* %var_7)
  br label %dtor_tree_2

dtor_tree_8:                                      ; preds = %dtor_tree_9, %landing_pad_12, %landing_pad_11
  br label %dtor_tree_7

landing_pad_11:                                   ; preds = %60
  %62 = landingpad { i8*, i32 }
          cleanup
  %63 = extractvalue { i8*, i32 } %62, 0
  store i8* %63, i8** %_cur_exception_object
  %64 = extractvalue { i8*, i32 } %62, 1
  store i32 %64, i32* %_cur_exception_type
  br label %dtor_tree_8

65:                                               ; preds = %60
  %66 = load %class.CtorDtorOrderRecorder*, %class.CtorDtorOrderRecorder** %param_0
  invoke void @_ZN7PochiVM16ReflectionHelper26constructor_wrapper_helperI15TestDestructor2JP21CtorDtorOrderRecorderiEE4callIJS4_iEEEvPS2_DpT_(%class.TestDestructor2* %var_8, %class.CtorDtorOrderRecorder* %66, i32 8)
          to label %70 unwind label %landing_pad_12

landing_pad_12:                                   ; preds = %65
  %67 = landingpad { i8*, i32 }
          cleanup
  %68 = extractvalue { i8*, i32 } %67, 0
  store i8* %68, i8** %_cur_exception_object
  %69 = extractvalue { i8*, i32 } %67, 1
  store i32 %69, i32* %_cur_exception_type
  br label %dtor_tree_8

70:                                               ; preds = %65
  %71 = load %class.CtorDtorOrderRecorder*, %class.CtorDtorOrderRecorder** %param_0
  invoke void @_ZN7PochiVM16ReflectionHelper26constructor_wrapper_helperI15TestDestructor2JP21CtorDtorOrderRecorderiEE4callIJS4_iEEEvPS2_DpT_(%class.TestDestructor2* %var_9, %class.CtorDtorOrderRecorder* %71, i32 9)
          to label %75 unwind label %landing_pad_13

dtor_tree_9:                                      ; preds = %dtor_tree_10, %landing_pad_13
  call void @_ZN7PochiVM16ReflectionHelper25destructor_wrapper_helperI15TestDestructor2E9wrapperFnEPS2_(%class.TestDestructor2* %var_8)
  br label %dtor_tree_8

landing_pad_13:                                   ; preds = %70
  %72 = landingpad { i8*, i32 }
          cleanup
  %73 = extractvalue { i8*, i32 } %72, 0
  store i8* %73, i8** %_cur_exception_object
  %74 = extractvalue { i8*, i32 } %72, 1
  store i32 %74, i32* %_cur_exception_type
  br label %dtor_tree_9

75:                                               ; preds = %70
  %76 = load %class.CtorDtorOrderRecorder*, %class.CtorDtorOrderRecorder** %param_0
  invoke void @_ZN21CtorDtorOrderRecorder14PushMaybeThrowEi(%class.CtorDtorOrderRecorder* %76, i32 1007)
          to label %80 unwind label %landing_pad_14

dtor_tree_10:                                     ; preds = %dtor_tree_16, %landing_pad_22, %landing_pad_21, %dtor_tree_11
  call void @_ZN7PochiVM16ReflectionHelper25destructor_wrapper_helperI15TestDestructor2E9wrapperFnEPS2_(%class.TestDestructor2* %var_9)
  br label %dtor_tree_9

dtor_tree_11:                                     ; preds = %dtor_tree_12, %landing_pad_15, %landing_pad_14
  br label %dtor_tree_10

landing_pad_14:                                   ; preds = %75
  %77 = landingpad { i8*, i32 }
          cleanup
  %78 = extractvalue { i8*, i32 } %77, 0
  store i8* %78, i8** %_cur_exception_object
  %79 = extractvalue { i8*, i32 } %77, 1
  store i32 %79, i32* %_cur_exception_type
  br label %dtor_tree_11

80:                                               ; preds = %75
  %81 = load %class.CtorDtorOrderRecorder*, %class.CtorDtorOrderRecorder** %param_0
  invoke void @_ZN7PochiVM16ReflectionHelper26constructor_wrapper_helperI15TestDestructor2JP21CtorDtorOrderRecorderiEE4callIJS4_iEEEvPS2_DpT_(%class.TestDestructor2* %var_10, %class.CtorDtorOrderRecorder* %81, i32 10)
          to label %85 unwind label %landing_pad_15

landing_pad_15:                                   ; preds = %80
  %82 = landingpad { i8*, i32 }
          cleanup
  %83 = extractvalue { i8*, i32 } %82, 0
  store i8* %83, i8** %_cur_exception_object
  %84 = extractvalue { i8*, i32 } %82, 1
  store i32 %84, i32* %_cur_exception_type
  br label %dtor_tree_11

85:                                               ; preds = %80
  %86 = load %class.CtorDtorOrderRecorder*, %class.CtorDtorOrderRecorder** %param_0
  invoke void @_ZN21CtorDtorOrderRecorder14PushMaybeThrowEi(%class.CtorDtorOrderRecorder* %86, i32 1008)
          to label %90 unwind label %landing_pad_16

dtor_tree_12:                                     ; preds = %dtor_tree_15, %landing_pad_19, %dtor_tree_13
  call void @_ZN7PochiVM16ReflectionHelper25destructor_wrapper_helperI15TestDestructor2E9wrapperFnEPS2_(%class.TestDestructor2* %var_10)
  br label %dtor_tree_11

dtor_tree_13:                                     ; preds = %dtor_tree_14, %landing_pad_17, %landing_pad_16
  br label %dtor_tree_12

landing_pad_16:                                   ; preds = %85
  %87 = landingpad { i8*, i32 }
          cleanup
  %88 = extractvalue { i8*, i32 } %87, 0
  store i8* %88, i8** %_cur_exception_object
  %89 = extractvalue { i8*, i32 } %87, 1
  store i32 %89, i32* %_cur_exception_type
  br label %dtor_tree_13

90:                                               ; preds = %85
  %91 = load %class.CtorDtorOrderRecorder*, %class.CtorDtorOrderRecorder** %param_0
  invoke void @_ZN7PochiVM16ReflectionHelper26constructor_wrapper_helperI15TestDestructor2JP21CtorDtorOrderRecorderiEE4callIJS4_iEEEvPS2_DpT_(%class.TestDestructor2* %var_11, %class.CtorDtorOrderRecorder* %91, i32 11)
          to label %95 unwind label %landing_pad_17

landing_pad_17:                                   ; preds = %90
  %92 = landingpad { i8*, i32 }
          cleanup
  %93 = extractvalue { i8*, i32 } %92, 0
  store i8* %93, i8** %_cur_exception_object
  %94 = extractvalue { i8*, i32 } %92, 1
  store i32 %94, i32* %_cur_exception_type
  br label %dtor_tree_13

95:                                               ; preds = %90
  %96 = load %class.CtorDtorOrderRecorder*, %class.CtorDtorOrderRecorder** %param_0
  invoke void @_ZN21CtorDtorOrderRecorder14PushMaybeThrowEi(%class.CtorDtorOrderRecorder* %96, i32 1009)
          to label %100 unwind label %landing_pad_18

dtor_tree_14:                                     ; preds = %landing_pad_18
  call void @_ZN7PochiVM16ReflectionHelper25destructor_wrapper_helperI15TestDestructor2E9wrapperFnEPS2_(%class.TestDestructor2* %var_11)
  br label %dtor_tree_13

landing_pad_18:                                   ; preds = %95
  %97 = landingpad { i8*, i32 }
          cleanup
  %98 = extractvalue { i8*, i32 } %97, 0
  store i8* %98, i8** %_cur_exception_object
  %99 = extractvalue { i8*, i32 } %97, 1
  store i32 %99, i32* %_cur_exception_type
  br label %dtor_tree_14

100:                                              ; preds = %95
  call void @_ZN7PochiVM16ReflectionHelper25destructor_wrapper_helperI15TestDestructor2E9wrapperFnEPS2_(%class.TestDestructor2* %var_11)
  %101 = load %class.CtorDtorOrderRecorder*, %class.CtorDtorOrderRecorder** %param_0
  invoke void @_ZN7PochiVM16ReflectionHelper26constructor_wrapper_helperI15TestDestructor2JP21CtorDtorOrderRecorderiEE4callIJS4_iEEEvPS2_DpT_(%class.TestDestructor2* %var_12, %class.CtorDtorOrderRecorder* %101, i32 12)
          to label %105 unwind label %landing_pad_19

landing_pad_19:                                   ; preds = %100
  %102 = landingpad { i8*, i32 }
          cleanup
  %103 = extractvalue { i8*, i32 } %102, 0
  store i8* %103, i8** %_cur_exception_object
  %104 = extractvalue { i8*, i32 } %102, 1
  store i32 %104, i32* %_cur_exception_type
  br label %dtor_tree_12

105:                                              ; preds = %100
  %106 = load %class.CtorDtorOrderRecorder*, %class.CtorDtorOrderRecorder** %param_0
  invoke void @_ZN21CtorDtorOrderRecorder14PushMaybeThrowEi(%class.CtorDtorOrderRecorder* %106, i32 1010)
          to label %110 unwind label %landing_pad_20

dtor_tree_15:                                     ; preds = %landing_pad_20
  call void @_ZN7PochiVM16ReflectionHelper25destructor_wrapper_helperI15TestDestructor2E9wrapperFnEPS2_(%class.TestDestructor2* %var_12)
  br label %dtor_tree_12

landing_pad_20:                                   ; preds = %105
  %107 = landingpad { i8*, i32 }
          cleanup
  %108 = extractvalue { i8*, i32 } %107, 0
  store i8* %108, i8** %_cur_exception_object
  %109 = extractvalue { i8*, i32 } %107, 1
  store i32 %109, i32* %_cur_exception_type
  br label %dtor_tree_15

110:                                              ; preds = %105
  call void @_ZN7PochiVM16ReflectionHelper25destructor_wrapper_helperI15TestDestructor2E9wrapperFnEPS2_(%class.TestDestructor2* %var_12)
  call void @_ZN7PochiVM16ReflectionHelper25destructor_wrapper_helperI15TestDestructor2E9wrapperFnEPS2_(%class.TestDestructor2* %var_10)
  %111 = load %class.CtorDtorOrderRecorder*, %class.CtorDtorOrderRecorder** %param_0
  invoke void @_ZN21CtorDtorOrderRecorder14PushMaybeThrowEi(%class.CtorDtorOrderRecorder* %111, i32 1011)
          to label %115 unwind label %landing_pad_21

landing_pad_21:                                   ; preds = %110
  %112 = landingpad { i8*, i32 }
          cleanup
  %113 = extractvalue { i8*, i32 } %112, 0
  store i8* %113, i8** %_cur_exception_object
  %114 = extractvalue { i8*, i32 } %112, 1
  store i32 %114, i32* %_cur_exception_type
  br label %dtor_tree_10

115:                                              ; preds = %110
  %116 = load %class.CtorDtorOrderRecorder*, %class.CtorDtorOrderRecorder** %param_0
  invoke void @_ZN7PochiVM16ReflectionHelper26constructor_wrapper_helperI15TestDestructor2JP21CtorDtorOrderRecorderiEE4callIJS4_iEEEvPS2_DpT_(%class.TestDestructor2* %var_13, %class.CtorDtorOrderRecorder* %116, i32 13)
          to label %120 unwind label %landing_pad_22

landing_pad_22:                                   ; preds = %115
  %117 = landingpad { i8*, i32 }
          cleanup
  %118 = extractvalue { i8*, i32 } %117, 0
  store i8* %118, i8** %_cur_exception_object
  %119 = extractvalue { i8*, i32 } %117, 1
  store i32 %119, i32* %_cur_exception_type
  br label %dtor_tree_10

120:                                              ; preds = %115
  %121 = load %class.CtorDtorOrderRecorder*, %class.CtorDtorOrderRecorder** %param_0
  invoke void @_ZN21CtorDtorOrderRecorder14PushMaybeThrowEi(%class.CtorDtorOrderRecorder* %121, i32 1012)
          to label %125 unwind label %landing_pad_23

dtor_tree_16:                                     ; preds = %landing_pad_24, %landing_pad_23
  call void @_ZN7PochiVM16ReflectionHelper25destructor_wrapper_helperI15TestDestructor2E9wrapperFnEPS2_(%class.TestDestructor2* %var_13)
  br label %dtor_tree_10

landing_pad_23:                                   ; preds = %120
  %122 = landingpad { i8*, i32 }
          cleanup
  %123 = extractvalue { i8*, i32 } %122, 0
  store i8* %123, i8** %_cur_exception_object
  %124 = extractvalue { i8*, i32 } %122, 1
  store i32 %124, i32* %_cur_exception_type
  br label %dtor_tree_16

125:                                              ; preds = %120
  %126 = load %class.CtorDtorOrderRecorder*, %class.CtorDtorOrderRecorder** %param_0
  invoke void @_ZN21CtorDtorOrderRecorder14PushMaybeThrowEi(%class.CtorDtorOrderRecorder* %126, i32 1013)
          to label %130 unwind label %landing_pad_24

landing_pad_24:                                   ; preds = %125
  %127 = landingpad { i8*, i32 }
          cleanup
  %128 = extractvalue { i8*, i32 } %127, 0
  store i8* %128, i8** %_cur_exception_object
  %129 = extractvalue { i8*, i32 } %127, 1
  store i32 %129, i32* %_cur_exception_type
  br label %dtor_tree_16

130:                                              ; preds = %125
  call void @_ZN7PochiVM16ReflectionHelper25destructor_wrapper_helperI15TestDestructor2E9wrapperFnEPS2_(%class.TestDestructor2* %var_13)
  call void @_ZN7PochiVM16ReflectionHelper25destructor_wrapper_helperI15TestDestructor2E9wrapperFnEPS2_(%class.TestDestructor2* %var_9)
  call void @_ZN7PochiVM16ReflectionHelper25destructor_wrapper_helperI15TestDestructor2E9wrapperFnEPS2_(%class.TestDestructor2* %var_8)
  %131 = load %class.CtorDtorOrderRecorder*, %class.CtorDtorOrderRecorder** %param_0
  invoke void @_ZN21CtorDtorOrderRecorder14PushMaybeThrowEi(%class.CtorDtorOrderRecorder* %131, i32 1014)
          to label %135 unwind label %landing_pad_25

landing_pad_25:                                   ; preds = %130
  %132 = landingpad { i8*, i32 }
          cleanup
  %133 = extractvalue { i8*, i32 } %132, 0
  store i8* %133, i8** %_cur_exception_object
  %134 = extractvalue { i8*, i32 } %132, 1
  store i32 %134, i32* %_cur_exception_type
  br label %dtor_tree_7

135:                                              ; preds = %130
  %136 = load %class.CtorDtorOrderRecorder*, %class.CtorDtorOrderRecorder** %param_0
  invoke void @_ZN7PochiVM16ReflectionHelper26constructor_wrapper_helperI15TestDestructor2JP21CtorDtorOrderRecorderiEE4callIJS4_iEEEvPS2_DpT_(%class.TestDestructor2* %var_14, %class.CtorDtorOrderRecorder* %136, i32 14)
          to label %140 unwind label %landing_pad_26

landing_pad_26:                                   ; preds = %135
  %137 = landingpad { i8*, i32 }
          cleanup
  %138 = extractvalue { i8*, i32 } %137, 0
  store i8* %138, i8** %_cur_exception_object
  %139 = extractvalue { i8*, i32 } %137, 1
  store i32 %139, i32* %_cur_exception_type
  br label %dtor_tree_7

140:                                              ; preds = %135
  %141 = load %class.CtorDtorOrderRecorder*, %class.CtorDtorOrderRecorder** %param_0
  invoke void @_ZN21CtorDtorOrderRecorder14PushMaybeThrowEi(%class.CtorDtorOrderRecorder* %141, i32 1015)
          to label %145 unwind label %landing_pad_27

dtor_tree_17:                                     ; preds = %landing_pad_27
  call void @_ZN7PochiVM16ReflectionHelper25destructor_wrapper_helperI15TestDestructor2E9wrapperFnEPS2_(%class.TestDestructor2* %var_14)
  br label %dtor_tree_7

landing_pad_27:                                   ; preds = %140
  %142 = landingpad { i8*, i32 }
          cleanup
  %143 = extractvalue { i8*, i32 } %142, 0
  store i8* %143, i8** %_cur_exception_object
  %144 = extractvalue { i8*, i32 } %142, 1
  store i32 %144, i32* %_cur_exception_type
  br label %dtor_tree_17

145:                                              ; preds = %140
  call void @_ZN7PochiVM16ReflectionHelper25destructor_wrapper_helperI15TestDestructor2E9wrapperFnEPS2_(%class.TestDestructor2* %var_14)
  call void @_ZN7PochiVM16ReflectionHelper25destructor_wrapper_helperI15TestDestructor2E9wrapperFnEPS2_(%class.TestDestructor2* %var_7)
  call void @_ZN7PochiVM16ReflectionHelper25destructor_wrapper_helperI15TestDestructor2E9wrapperFnEPS2_(%class.TestDestructor2* %var_3)
  call void @_ZN7PochiVM16ReflectionHelper25destructor_wrapper_helperI15TestDestructor2E9wrapperFnEPS2_(%class.TestDestructor2* %var_2)
  call void @_ZN7PochiVM16ReflectionHelper25destructor_wrapper_helperI15TestDestructor2E9wrapperFnEPS2_(%class.TestDestructor2* %var_1)
  ret void
}

attributes #0 = { uwtable "correctly-rounded-divide-sqrt-fp-math"="false" "disable-tail-calls"="false" "frame-pointer"="none" "less-precise-fpmad"="false" "min-legal-vector-width"="0" "no-infs-fp-math"="false" "no-jump-tables"="false" "no-nans-fp-math"="false" "no-signed-zeros-fp-math"="false" "no-trapping-math"="false" "stack-protector-buffer-size"="8" "unsafe-fp-math"="false" "use-soft-float"="false" }
attributes #1 = { nounwind uwtable "correctly-rounded-divide-sqrt-fp-math"="false" "disable-tail-calls"="false" "frame-pointer"="none" "less-precise-fpmad"="false" "min-legal-vector-width"="0" "no-infs-fp-math"="false" "no-jump-tables"="false" "no-nans-fp-math"="false" "no-signed-zeros-fp-math"="false" "no-trapping-math"="false" "stack-protector-buffer-size"="8" "unsafe-fp-math"="false" "use-soft-float"="false" }
attributes #2 = { nobuiltin nofree "correctly-rounded-divide-sqrt-fp-math"="false" "disable-tail-calls"="false" "frame-pointer"="none" "less-precise-fpmad"="false" "no-infs-fp-math"="false" "no-nans-fp-math"="false" "no-signed-zeros-fp-math"="false" "no-trapping-math"="false" "stack-protector-buffer-size"="8" "unsafe-fp-math"="false" "use-soft-float"="false" }
attributes #3 = { argmemonly nounwind willreturn }
attributes #4 = { nobuiltin nounwind "correctly-rounded-divide-sqrt-fp-math"="false" "disable-tail-calls"="false" "frame-pointer"="none" "less-precise-fpmad"="false" "no-infs-fp-math"="false" "no-nans-fp-math"="false" "no-signed-zeros-fp-math"="false" "no-trapping-math"="false" "stack-protector-buffer-size"="8" "unsafe-fp-math"="false" "use-soft-float"="false" }
attributes #5 = { noinline noreturn nounwind uwtable "correctly-rounded-divide-sqrt-fp-math"="false" "disable-tail-calls"="false" "frame-pointer"="none" "less-precise-fpmad"="false" "min-legal-vector-width"="0" "no-infs-fp-math"="false" "no-jump-tables"="false" "no-nans-fp-math"="false" "no-signed-zeros-fp-math"="false" "no-trapping-math"="false" "stack-protector-buffer-size"="8" "unsafe-fp-math"="false" "use-soft-float"="false" }
attributes #6 = { nounwind }
attributes #7 = { noreturn }
attributes #8 = { noreturn nounwind }

!llvm.ident = !{!0, !0, !0}
!llvm.module.flags = !{!1, !2, !3}

!0 = !{!"clang version 10.0.0 "}
!1 = !{i32 7, !"Dwarf Version", i32 4}
!2 = !{i32 2, !"Debug Info Version", i32 3}
!3 = !{i32 1, !"wchar_size", i32 4}
!4 = !{!5, !5, i64 0}
!5 = !{!"int", !6, i64 0}
!6 = !{!"omnipotent char", !7, i64 0}
!7 = !{!"Simple C++ TBAA"}
!8 = !{!9, !5, i64 0}
!9 = !{!"_ZTS21CtorDtorOrderRecorder", !5, i64 0, !10, i64 8}
!10 = !{!"_ZTSSt6vectorIiSaIiEE"}
!11 = !{!12, !13, i64 0}
!12 = !{!"_ZTS15TestDestructor2", !13, i64 0, !5, i64 8}
!13 = !{!"any pointer", !6, i64 0}
!14 = !{!12, !5, i64 8}
!15 = !{!16, !13, i64 8}
!16 = !{!"_ZTSSt12_Vector_baseIiSaIiEE", !17, i64 0}
!17 = !{!"_ZTSNSt12_Vector_baseIiSaIiEE12_Vector_implE", !13, i64 0, !13, i64 8, !13, i64 16}
!18 = !{!16, !13, i64 16}
!19 = !{!13, !13, i64 0}
!20 = !{!16, !13, i64 0}
