; ModuleID = 'test'
source_filename = "test"

@_ZTIi = external dso_local constant i8*

declare dso_local i32 @__gxx_personality_v0(...)

; Function Attrs: nounwind
declare dso_local i8* @__cxa_allocate_exception(i64) #0

; Function Attrs: nounwind
declare dso_local void @__cxa_free_exception(i8*) #0

declare dso_local void @__cxa_throw(i8*, i8*, i8*)

define void @testfn(i32 %_param_0) personality i32 (...)* @__gxx_personality_v0 {
entry:
  %param_0 = alloca i32
  br label %body

body:                                             ; preds = %entry
  store i32 %_param_0, i32* %param_0
  %0 = call i8* @__cxa_allocate_exception(i64 4)
  %1 = bitcast i8* %0 to i32*
  %2 = load i32, i32* %param_0
  store i32 %2, i32* %1
  call void @__cxa_throw(i8* %0, i8* bitcast (i8** @_ZTIi to i8*), i8* null)
  unreachable
}

attributes #0 = { nounwind }
