; ModuleID = 'test'
source_filename = "test"
target datalayout = "e-m:e-p270:32:32-p271:32:32-p272:64:64-i64:64-f80:128-n8:16:32:64-S128"
target triple = "x86_64-unknown-linux-gnu"

%class.TestDestructor1 = type { i32, i32* }
%"struct.PochiVM::ReflectionHelper::tpl_sequence.28" = type { i8 }

; Function Attrs: noinline nounwind optnone uwtable
define available_externally dso_local void @_ZN7PochiVM16ReflectionHelper25destructor_wrapper_helperI15TestDestructor1E9wrapperFnEPS2_(%class.TestDestructor1* %0) #0 align 2 {
  %2 = alloca %class.TestDestructor1*, align 8
  store %class.TestDestructor1* %0, %class.TestDestructor1** %2, align 8
  %3 = load %class.TestDestructor1*, %class.TestDestructor1** %2, align 8
  call void @_ZN15TestDestructor1D2Ev(%class.TestDestructor1* %3) #2
  ret void
}

; Function Attrs: noinline nounwind optnone uwtable
declare dso_local void @_ZN15TestDestructor1D2Ev(%class.TestDestructor1*) unnamed_addr #0 align 2

; Function Attrs: noinline optnone uwtable
define available_externally dso_local void @_ZN7PochiVM16ReflectionHelper26constructor_wrapper_helperI15TestDestructor1JiPiEE4callIJiS3_EEEvPS2_DpT_(%class.TestDestructor1* %0, i32 %1, i32* %2) #1 align 2 {
  %4 = alloca %class.TestDestructor1*, align 8
  %5 = alloca i32, align 4
  %6 = alloca i32*, align 8
  %7 = alloca %"struct.PochiVM::ReflectionHelper::tpl_sequence.28", align 1
  store %class.TestDestructor1* %0, %class.TestDestructor1** %4, align 8
  store i32 %1, i32* %5, align 4
  store i32* %2, i32** %6, align 8
  %8 = load %class.TestDestructor1*, %class.TestDestructor1** %4, align 8
  %9 = load i32, i32* %5, align 4
  %10 = load i32*, i32** %6, align 8
  call void @_ZN7PochiVM16ReflectionHelper26constructor_wrapper_helperI15TestDestructor1JiPiEE9call_implIJLi0ELi1EEJiS3_EEEvNS0_12tpl_sequenceIJXspT_EEEEPS2_DpT0_(%class.TestDestructor1* %8, i32 %9, i32* %10)
  ret void
}

; Function Attrs: noinline optnone uwtable
declare dso_local void @_ZN7PochiVM16ReflectionHelper26constructor_wrapper_helperI15TestDestructor1JiPiEE9call_implIJLi0ELi1EEJiS3_EEEvNS0_12tpl_sequenceIJXspT_EEEEPS2_DpT0_(%class.TestDestructor1*, i32, i32*) #1 align 2

define void @testfn(i32 %_param_0, i32* %_param_1) {
entry:
  %param_0 = alloca i32
  %param_1 = alloca i32*
  %var_2 = alloca %class.TestDestructor1
  br label %body

body:                                             ; preds = %entry
  store i32 %_param_0, i32* %param_0
  store i32* %_param_1, i32** %param_1
  %0 = load i32, i32* %param_0
  %1 = load i32*, i32** %param_1
  call void @_ZN7PochiVM16ReflectionHelper26constructor_wrapper_helperI15TestDestructor1JiPiEE4callIJiS3_EEEvPS2_DpT_(%class.TestDestructor1* %var_2, i32 %0, i32* %1)
  call void @_ZN7PochiVM16ReflectionHelper25destructor_wrapper_helperI15TestDestructor1E9wrapperFnEPS2_(%class.TestDestructor1* %var_2)
  ret void
}

attributes #0 = { noinline nounwind optnone uwtable "correctly-rounded-divide-sqrt-fp-math"="false" "disable-tail-calls"="false" "frame-pointer"="all" "less-precise-fpmad"="false" "min-legal-vector-width"="0" "no-infs-fp-math"="false" "no-jump-tables"="false" "no-nans-fp-math"="false" "no-signed-zeros-fp-math"="false" "no-trapping-math"="false" "stack-protector-buffer-size"="8" "unsafe-fp-math"="false" "use-soft-float"="false" }
attributes #1 = { noinline optnone uwtable "correctly-rounded-divide-sqrt-fp-math"="false" "disable-tail-calls"="false" "frame-pointer"="all" "less-precise-fpmad"="false" "min-legal-vector-width"="0" "no-infs-fp-math"="false" "no-jump-tables"="false" "no-nans-fp-math"="false" "no-signed-zeros-fp-math"="false" "no-trapping-math"="false" "stack-protector-buffer-size"="8" "unsafe-fp-math"="false" "use-soft-float"="false" }
attributes #2 = { nounwind }

!llvm.ident = !{!0, !0}
!llvm.module.flags = !{!1, !2, !3}

!0 = !{!"clang version 10.0.0 "}
!1 = !{i32 7, !"Dwarf Version", i32 4}
!2 = !{i32 2, !"Debug Info Version", i32 3}
!3 = !{i32 1, !"wchar_size", i32 4}
