; ModuleID = 'test'
source_filename = "test"
target datalayout = "e-m:e-p270:32:32-p271:32:32-p272:64:64-i64:64-f80:128-n8:16:32:64-S128"
target triple = "x86_64-unknown-linux-gnu"

%class.TestConstructor1 = type { i32 }

; Function Attrs: uwtable
define available_externally dso_local void @_ZN7PochiVM16ReflectionHelper26constructor_wrapper_helperI16TestConstructor1JEE4callIJEEEvPS2_DpT_(%class.TestConstructor1* %0) #0 align 2 {
  %2 = getelementptr inbounds %class.TestConstructor1, %class.TestConstructor1* %0, i64 0, i32 0
  store i32 233, i32* %2, align 4, !tbaa !4
  ret void
}

; Function Attrs: nounwind uwtable
define available_externally dso_local i32 @_ZN16TestConstructor18GetValueEv(%class.TestConstructor1* %0) #1 align 2 {
  %2 = getelementptr inbounds %class.TestConstructor1, %class.TestConstructor1* %0, i64 0, i32 0
  %3 = load i32, i32* %2, align 4, !tbaa !4
  ret i32 %3
}

define i32 @testfn() {
entry:
  %var_0 = alloca %class.TestConstructor1
  br label %body

body:                                             ; preds = %entry
  call void @_ZN7PochiVM16ReflectionHelper26constructor_wrapper_helperI16TestConstructor1JEE4callIJEEEvPS2_DpT_(%class.TestConstructor1* %var_0)
  %0 = call i32 @_ZN16TestConstructor18GetValueEv(%class.TestConstructor1* %var_0)
  ret i32 %0
}

attributes #0 = { uwtable "correctly-rounded-divide-sqrt-fp-math"="false" "disable-tail-calls"="false" "frame-pointer"="none" "less-precise-fpmad"="false" "min-legal-vector-width"="0" "no-infs-fp-math"="false" "no-jump-tables"="false" "no-nans-fp-math"="false" "no-signed-zeros-fp-math"="false" "no-trapping-math"="false" "stack-protector-buffer-size"="8" "unsafe-fp-math"="false" "use-soft-float"="false" }
attributes #1 = { nounwind uwtable "correctly-rounded-divide-sqrt-fp-math"="false" "disable-tail-calls"="false" "frame-pointer"="none" "less-precise-fpmad"="false" "min-legal-vector-width"="0" "no-infs-fp-math"="false" "no-jump-tables"="false" "no-nans-fp-math"="false" "no-signed-zeros-fp-math"="false" "no-trapping-math"="false" "stack-protector-buffer-size"="8" "unsafe-fp-math"="false" "use-soft-float"="false" }

!llvm.ident = !{!0, !0}
!llvm.module.flags = !{!1, !2, !3}

!0 = !{!"clang version 10.0.0 "}
!1 = !{i32 7, !"Dwarf Version", i32 4}
!2 = !{i32 2, !"Debug Info Version", i32 3}
!3 = !{i32 1, !"wchar_size", i32 4}
!4 = !{!5, !6, i64 0}
!5 = !{!"_ZTS16TestConstructor1", !6, i64 0}
!6 = !{!"int", !7, i64 0}
!7 = !{!"omnipotent char", !8, i64 0}
!8 = !{!"Simple C++ TBAA"}
