; ModuleID = 'test'
source_filename = "test"

declare dso_local i32 @__gxx_personality_v0(...)

define i32 @a_plus_b(i32 %_a_0, i32 %_b_1) personality i32 (...)* @__gxx_personality_v0 {
entry:
  %a_0 = alloca i32
  %b_1 = alloca i32
  br label %body

body:                                             ; preds = %entry
  store i32 %_a_0, i32* %a_0
  store i32 %_b_1, i32* %b_1
  br label %whileloop_head0

whileloop_head0:                                  ; preds = %whileloop_body0, %body
  %0 = load i32, i32* %a_0
  %1 = icmp slt i32 %0, 0
  br i1 %1, label %whileloop_body0, label %after_whileloop0

whileloop_body0:                                  ; preds = %whileloop_head0
  %2 = load i32, i32* %a_0
  %3 = add i32 %2, 1
  store i32 %3, i32* %a_0
  %4 = load i32, i32* %b_1
  %5 = sub i32 %4, 1
  store i32 %5, i32* %b_1
  br label %whileloop_head0

after_whileloop0:                                 ; preds = %whileloop_head0
  %6 = load i32, i32* %a_0
  %7 = load i32, i32* %b_1
  %8 = add i32 %6, %7
  ret i32 %8
}
