; ModuleID = 'test'
source_filename = "test"
target datalayout = "e-m:e-p270:32:32-p271:32:32-p272:64:64-i64:64-f80:128-n8:16:32:64-S128"
target triple = "x86_64-unknown-linux-gnu"

; Function Attrs: noinline nounwind optnone uwtable
define available_externally dso_local i8* @_ZN15TestCornerCases18VoidStarParamTest1EPvPS0_(i8* %0, i8** %1) #0 {
  %3 = alloca i8*, align 8
  %4 = alloca i8**, align 8
  store i8* %0, i8** %3, align 8
  store i8** %1, i8*** %4, align 8
  %5 = load i8*, i8** %3, align 8
  %6 = load i8**, i8*** %4, align 8
  store i8* %5, i8** %6, align 8
  %7 = load i8*, i8** %3, align 8
  %8 = bitcast i8* %7 to i64*
  %9 = getelementptr inbounds i64, i64* %8, i64 1
  %10 = bitcast i64* %9 to i8*
  ret i8* %10
}

define i8* @testfn(i8* %_param_0, i8** %_param_1) {
entry:
  %param_0 = alloca i8*
  %param_1 = alloca i8**
  br label %body

body:                                             ; preds = %entry
  store i8* %_param_0, i8** %param_0
  store i8** %_param_1, i8*** %param_1
  %0 = load i8*, i8** %param_0
  %1 = load i8**, i8*** %param_1
  %2 = call i8* @_ZN15TestCornerCases18VoidStarParamTest1EPvPS0_(i8* %0, i8** %1)
  ret i8* %2
}

attributes #0 = { noinline nounwind optnone uwtable "correctly-rounded-divide-sqrt-fp-math"="false" "disable-tail-calls"="false" "frame-pointer"="all" "less-precise-fpmad"="false" "min-legal-vector-width"="0" "no-infs-fp-math"="false" "no-jump-tables"="false" "no-nans-fp-math"="false" "no-signed-zeros-fp-math"="false" "no-trapping-math"="false" "stack-protector-buffer-size"="8" "unsafe-fp-math"="false" "use-soft-float"="false" }

!llvm.ident = !{!0}
!llvm.module.flags = !{!1, !2, !3}

!0 = !{!"clang version 10.0.0 "}
!1 = !{i32 7, !"Dwarf Version", i32 4}
!2 = !{i32 2, !"Debug Info Version", i32 3}
!3 = !{i32 1, !"wchar_size", i32 4}
