; ModuleID = 'test'
source_filename = "test"
target datalayout = "e-m:e-p270:32:32-p271:32:32-p272:64:64-i64:64-f80:128-n8:16:32:64-S128"
target triple = "x86_64-unknown-linux-gnu"

@_ZTIi = external dso_local constant i8*

declare dso_local i32 @__gxx_personality_v0(...)

declare dso_local i8* @__cxa_allocate_exception(i64) local_unnamed_addr

declare dso_local void @__cxa_throw(i8*, i8*, i8*) local_unnamed_addr

; Function Attrs: noinline noreturn nounwind uwtable
declare dso_local void @__pochivm_clang_call_terminate(i8*) local_unnamed_addr #0

; Function Attrs: nounwind
define void @testfn(i32 %_param_0) local_unnamed_addr #1 personality i32 (...)* @__gxx_personality_v0 {
entry:
  %0 = icmp eq i32 %_param_0, 123
  br i1 %0, label %1, label %_Z21TestNoExceptButThrowsi.exit

1:                                                ; preds = %entry
  %2 = tail call i8* @__cxa_allocate_exception(i64 4) #1
  %3 = bitcast i8* %2 to i32*
  store i32 2333, i32* %3, align 16, !tbaa !4
  invoke void @__cxa_throw(i8* %2, i8* bitcast (i8** @_ZTIi to i8*), i8* null) #2
          to label %7 unwind label %4

4:                                                ; preds = %1
  %5 = landingpad { i8*, i32 }
          catch i8* null
  %6 = extractvalue { i8*, i32 } %5, 0
  tail call void @__pochivm_clang_call_terminate(i8* %6) #3
  unreachable

7:                                                ; preds = %1
  unreachable

_Z21TestNoExceptButThrowsi.exit:                  ; preds = %entry
  ret void
}

attributes #0 = { noinline noreturn nounwind uwtable "correctly-rounded-divide-sqrt-fp-math"="false" "disable-tail-calls"="false" "frame-pointer"="none" "less-precise-fpmad"="false" "min-legal-vector-width"="0" "no-infs-fp-math"="false" "no-jump-tables"="false" "no-nans-fp-math"="false" "no-signed-zeros-fp-math"="false" "no-trapping-math"="false" "stack-protector-buffer-size"="8" "unsafe-fp-math"="false" "use-soft-float"="false" }
attributes #1 = { nounwind }
attributes #2 = { noreturn }
attributes #3 = { noreturn nounwind }

!llvm.ident = !{!0}
!llvm.module.flags = !{!1, !2, !3}

!0 = !{!"clang version 10.0.0 "}
!1 = !{i32 7, !"Dwarf Version", i32 4}
!2 = !{i32 2, !"Debug Info Version", i32 3}
!3 = !{i32 1, !"wchar_size", i32 4}
!4 = !{!5, !5, i64 0}
!5 = !{!"int", !6, i64 0}
!6 = !{!"omnipotent char", !7, i64 0}
!7 = !{!"Simple C++ TBAA"}
